---
layout: post
categories: Linux 系统管理
---
# 磁盘管理
简单的磁盘语法

## 装载磁盘
```
fdisk -l #查看磁盘 
mount /dev/vda /root  #挂载到/root目录下 
umount  /dev/vda  #卸载某个磁盘
```
## 解决：Disk /dev/sd doesn't contain a valid partition table
 执行  fdisk /dev/sdb

 选择n ,然后一步步 ‘enter'

## 问题：mount: you must specify the filesystem type

[mount: you must specify the filesystem type](http://askubuntu.com/questions/143718/mount-you-must-specify-the-filesystem-type/143723)
介绍了合法的几种文件类型：
```
auto - this is a special one. It will try to guess the fs type when you use this.
ext4 - this is probably the most common Linux fs type of the last few years
ext3 - this is the most common Linux fs type from a couple years back
ntfs - this is the most common Windows fs type or larger external hard drives
vfat - this is the most common fs type used for smaller external hard drives
exfat - is also a file system option commonly found on USB flash drives and other external drives
```

[mount报错： you must specify the filesystem type](http://www.cnblogs.com/z360519549/p/5880633.html)
执行 mkfs.ext3 或 mkfs.ext4，根据文件类型介绍，我选择ext4：
```
 mkfs.ext4 /dev/vdb1
mke2fs 1.42.9 (4-Feb-2014)
Filesystem label=
OS type: Linux
Block size=4096 (log=2)
Fragment size=4096 (log=2)
Stride=0 blocks, Stripe width=0 blocks
3276800 inodes, 13106944 blocks
655347 blocks (5.00%) reserved for the super user
First data block=0
Maximum filesystem blocks=4294967296
400 block groups
32768 blocks per group, 32768 fragments per group
8192 inodes per group
Superblock backups stored on blocks:
    32768, 98304, 163840, 229376, 294912, 819200, 884736, 1605632, 2654208,
    4096000, 7962624, 11239424

Allocating group tables: done
Writing inode tables: done
Creating journal (32768 blocks): done
Writing superblocks and filesystem accounting information: done
```

# 问题：挂载mount问题“wrong fs type, bad option, bad superblock on ”的解决办法

重装系统后挂载一般会出现如下问题：
```
# mount /dev/vdb2 /data2
mount: wrong fs type, bad option, bad superblock on /dev/vdb2,
       missing codepage or helper program, or other error

       In some cases useful info is found in syslog - try
       dmesg | tail or so.
```
sudo apt-get install nfs-common